// Jest Snapshot v1, https://goo.gl/fbAQLP

exports[`8_units simple 1`] = `Promise {}`;
