// Jest Snapshot v1, https://goo.gl/fbAQLP

exports[`SizeMonitor render 1`] = `
<body>
  <div>
    <div
      data-testid="size-container"
      style="position: relative;"
    >
      testing
    </div>
  </div>
</body>
`;
