// Jest Snapshot v1, https://goo.gl/fbAQLP

exports[`<Terms/> 1`] = `
<body>
  <div>
    <p
      class="sc-dLMFU MdFoC"
    >
      This content is Â© Oak National Academy (2023), licensed on
       
      <a
        class="sc-ddjGPC hJhpMe"
        href="https://www.nationalarchives.gov.uk/doc/open-government-licence/version/3/"
        rel="external"
        style="display: inline;"
        target="_blank"
      >
        <span
          class="sc-dAlyuH gAWMRU"
        >
          Open Government Licence version 3.0
        </span>
      </a>
       
      except where otherwise stated. See
       
      <a
        class="sc-ddjGPC hJhpMe"
        href="/legal/terms-and-conditions"
        rel="external"
        style="display: inline;"
        target="_blank"
      >
        <span
          class="sc-dAlyuH gAWMRU"
        >
          Oak's terms and conditions
        </span>
      </a>
      .
    </p>
  </div>
</body>
`;
