// Jest Snapshot v1, https://goo.gl/fbAQLP

exports[`renders <Card> unchanged 1`] = `
<div>
  <div
    class="card-secondary cardRadius"
  >
    lesson content
  </div>
</div>
`;
