// Jest Snapshot v1, https://goo.gl/fbAQLP

exports[`renders <Typography> unchanged 1`] = `
<div>
  <h2
    class="typography--variant-h2"
  >
    lesson content
  </h2>
</div>
`;
