// Jest Snapshot v1, https://goo.gl/fbAQLP

exports[`buildStyles 1`] = `
"<?xml
  version="1.0"
  encoding="UTF-8"
  standalone="yes"
?>
<styleSheet
  xmlns="http://schemas.openxmlformats.org/spreadsheetml/2006/main"
  xmlns:mc="http://schemas.openxmlformats.org/markup-compatibility/2006"
  mc:Ignorable="x14ac x16r2 xr"
  xmlns:x14ac="http://schemas.microsoft.com/office/spreadsheetml/2009/9/ac"
  xmlns:x16r2="http://schemas.microsoft.com/office/spreadsheetml/2015/02/main"
  xmlns:xr="http://schemas.microsoft.com/office/spreadsheetml/2014/revision"
>
  <fonts
    count="1"
    x14ac:knownFonts="1"
  >
    <font>
      <sz
        val="12"
      ></sz>
      <color
        theme="1"
      ></color>
      <name
        val="Arial"
      ></name>
      <family
        val="2"
      ></family>
    </font>
    <font>
      <sz
        val="22"
      ></sz>
      <color
        rgb="FFFFFFFF"
      ></color>
      <name
        val="Arial Bold"
      ></name>
      <family
        val="2"
      ></family>
    </font>
    <font>
      <sz
        val="24"
      ></sz>
      <color
        rgb="FF000000"
      ></color>
      <name
        val="Arial Bold"
      ></name>
      <family
        val="2"
      ></family>
    </font>
    <font>
      <sz
        val="14"
      ></sz>
      <color
        rgb="FF000000"
      ></color>
      <name
        val="Arial Bold"
      ></name>
      <family
        val="2"
      ></family>
    </font>
  </fonts>
  <fills
    count="3"
  >
    <fill>
      <patternFill
        patternType="none"
      ></patternFill>
    </fill>
    <fill>
      <patternFill
        patternType="gray125"
      ></patternFill>
    </fill>
    <fill>
      <patternFill
        patternType="solid"
      >
        <fgColor
          rgb="FFF2F2F2"
        ></fgColor>
        <bgColor
          rgb="FFC6EFCE"
        ></bgColor>
      </patternFill>
    </fill>
    <fill>
      <patternFill
        patternType="solid"
      >
        <fgColor
          rgb="FFC8F2C2"
        ></fgColor>
        <bgColor
          rgb="FFC6EFCE"
        ></bgColor>
      </patternFill>
    </fill>
    <fill>
      <patternFill
        patternType="solid"
      >
        <fgColor
          rgb="FFEBFCEB"
        ></fgColor>
        <bgColor
          rgb="FFC6EFCE"
        ></bgColor>
      </patternFill>
    </fill>
    <fill>
      <patternFill
        patternType="solid"
      >
        <fgColor
          rgb="FF000000"
        ></fgColor>
        <bgColor
          rgb="FFFFFFFF"
        ></bgColor>
      </patternFill>
    </fill>
  </fills>
  <borders
    count="1"
  >
    <border>
      <left></left>
      <right></right>
      <top></top>
      <bottom></bottom>
      <diagonal></diagonal>
    </border>
    <border>
      <left
        style="thin"
      >
        <color
          rgb="FFD4D4D4"
        ></color>
      </left>
      <right
        style="thin"
      >
        <color
          rgb="FFD4D4D4"
        ></color>
      </right>
      <top
        style="thin"
      >
        <color
          rgb="FFD4D4D4"
        ></color>
      </top>
      <bottom
        style="thin"
      >
        <color
          rgb="FFD4D4D4"
        ></color>
      </bottom>
      <diagonal></diagonal>
    </border>
  </borders>
  <cellStyleXfs
    count="1"
  >
    <xf
      numFmtId="0"
      fontId="0"
      fillId="0"
      borderId="1"
    ></xf>
  </cellStyleXfs>
  <cellXfs
    count="1"
  >
    <xf
      numFmtId="0"
      fontId="0"
      fillId="0"
      borderId="1"
      xfId="0"
      applyBorder="0"
    ></xf>
    <xf
      numFmtId="0"
      fontId="2"
      fillId="2"
      borderId="1"
      xfId="0"
      applyBorder="0"
    >
      <alignment
        wrapText="1"
        vertical="top"
      ></alignment>
    </xf>
    <xf
      numFmtId="0"
      fontId="3"
      fillId="3"
      borderId="1"
      xfId="0"
      applyBorder="0"
    >
      <alignment
        wrapText="1"
        vertical="top"
      ></alignment>
    </xf>
    <xf
      numFmtId="0"
      fontId="3"
      fillId="3"
      borderId="1"
      xfId="0"
      applyBorder="0"
    >
      <alignment
        wrapText="1"
        vertical="top"
      ></alignment>
    </xf>
    <xf
      numFmtId="0"
      fontId="0"
      fillId="4"
      borderId="1"
      xfId="0"
      applyBorder="0"
    >
      <alignment
        wrapText="1"
        vertical="center"
      ></alignment>
    </xf>
    <xf
      numFmtId="0"
      fontId="1"
      fillId="5"
      borderId="1"
      xfId="0"
      applyBorder="0"
    >
      <alignment
        wrapText="1"
        horizontal="center"
        vertical="center"
      ></alignment>
    </xf>
  </cellXfs>
  <cellStyles
    count="1"
  >
    <cellStyle
      name="Normal"
      xfId="0"
      builtinId="0"
    ></cellStyle>
  </cellStyles>
  <dxfs
    count="0"
  ></dxfs>
  <tableStyles
    count="0"
    defaultTableStyle="TableStyleMedium2"
    defaultPivotStyle="PivotStyleLight16"
  ></tableStyles>
  <extLst>
    <ext
      uri="{EB79DEF2-80B8-43e5-95BD-54CBDDF9020C}"
      xmlns:x14="http://schemas.microsoft.com/office/spreadsheetml/2009/9/main"
    >
      <x14:slicerStyles
        defaultSlicerStyle="SlicerStyleLight1"
      ></x14:slicerStyles>
    </ext>
    <ext
      uri="{9260A510-F301-46a8-8635-F512D64BE5F5}"
      xmlns:x15="http://schemas.microsoft.com/office/spreadsheetml/2010/11/main"
    >
      <x15:timelineStyles
        defaultTimelineStyle="TimeSlicerStyleLight1"
      ></x15:timelineStyles>
    </ext>
  </extLst>
</styleSheet>"
`;

exports[`buildStyles 2`] = `
{
  "temp0": "0",
  "temp1": "1",
  "temp2": "2",
  "temp3": "3",
  "temp4": "4",
  "temp5": "5",
}
`;
