// Jest Snapshot v1, https://goo.gl/fbAQLP

exports[`10_threadsDetail simple 1`] = `Promise {}`;
