// Jest Snapshot v1, https://goo.gl/fbAQLP

exports[`11_backCover simple 1`] = `Promise {}`;
