// Jest Snapshot v1, https://goo.gl/fbAQLP

exports[`1_frontCover simple 1`] = `Promise {}`;
