// Jest Snapshot v1, https://goo.gl/fbAQLP

exports[`2_tableOfContents simple 1`] = `Promise {}`;
