// Jest Snapshot v1, https://goo.gl/fbAQLP

exports[`3_ourCurriculum simple 1`] = `Promise {}`;
