// Jest Snapshot v1, https://goo.gl/fbAQLP

exports[`4_threadsExplainer simple 1`] = `Promise {}`;
