// Jest Snapshot v1, https://goo.gl/fbAQLP

exports[`5_tableOfContents simple 1`] = `Promise {}`;
