// Jest Snapshot v1, https://goo.gl/fbAQLP

exports[`6_subjectPrincipals simple 1`] = `Promise {}`;
