// Jest Snapshot v1, https://goo.gl/fbAQLP

exports[`9_threadsOverview simple 1`] = `Promise {}`;
