// Jest Snapshot v1, https://goo.gl/fbAQLP

exports[`docx insertNumbering test 1`] = `
{
  "word/numbering.xml": {
    "elements": [
      [
        "~",
        {
          "elements__added": [
            {
              "attributes": {
                "w:abstractNumId": "10000",
              },
              "elements": [
                {
                  "attributes": {
                    "w:val": "099A081C",
                  },
                  "name": "w:nsid",
                  "type": "element",
                },
                {
                  "attributes": {
                    "w:val": "hybridMultilevel",
                  },
                  "name": "w:multiLevelType",
                  "type": "element",
                },
                {
                  "attributes": {
                    "w:ilvl": "0",
                  },
                  "elements": [
                    {
                      "attributes": {
                        "w:val": "1",
                      },
                      "name": "w:start",
                      "type": "element",
                    },
                    {
                      "attributes": {
                        "w:val": "upperLetter",
                      },
                      "name": "w:numFmt",
                      "type": "element",
                    },
                    {
                      "attributes": {
                        "w:val": "%1.",
                      },
                      "name": "w:lvlText",
                      "type": "element",
                    },
                    {
                      "attributes": {
                        "w:val": "start",
                      },
                      "name": "w:lvlJc",
                      "type": "element",
                    },
                    {
                      "elements": [
                        {
                          "attributes": {
                            "w:hanging": "360",
                            "w:start": "360",
                          },
                          "name": "w:ind",
                          "type": "element",
                        },
                      ],
                      "name": "w:pPr",
                      "type": "element",
                    },
                    {
                      "elements": [
                        {
                          "attributes": {
                            "w:ascii": "Arial Black",
                            "w:hAnsi": "Arial Black",
                          },
                          "name": "w:rFonts",
                          "type": "element",
                        },
                        {
                          "attributes": {
                            "w:val": "C00000",
                          },
                          "name": "w:color",
                          "type": "element",
                        },
                        {
                          "attributes": {
                            "w:val": "28",
                          },
                          "name": "w:sz",
                          "type": "element",
                        },
                      ],
                      "name": "w:rPr",
                      "type": "element",
                    },
                  ],
                  "name": "w:lvl",
                  "type": "element",
                },
              ],
              "name": "w:abstractNum",
              "type": "element",
            },
            {
              "attributes": {
                "w:numId": "10001",
              },
              "elements": [
                {
                  "attributes": {
                    "w:val": "10000",
                  },
                  "name": "w:abstractNumId",
                  "type": "element",
                },
              ],
              "name": "w:num",
              "type": "element",
            },
            {
              "attributes": {
                "w:abstractNumId": "10002",
              },
              "elements": [
                {
                  "attributes": {
                    "w:val": "099A081C",
                  },
                  "name": "w:nsid",
                  "type": "element",
                },
                {
                  "attributes": {
                    "w:val": "hybridMultilevel",
                  },
                  "name": "w:multiLevelType",
                  "type": "element",
                },
                {
                  "attributes": {
                    "w:ilvl": "0",
                  },
                  "elements": [
                    {
                      "attributes": {
                        "w:val": "1",
                      },
                      "name": "w:start",
                      "type": "element",
                    },
                    {
                      "attributes": {
                        "w:val": "upperLetter",
                      },
                      "name": "w:numFmt",
                      "type": "element",
                    },
                    {
                      "attributes": {
                        "w:val": "%1.",
                      },
                      "name": "w:lvlText",
                      "type": "element",
                    },
                    {
                      "attributes": {
                        "w:val": "start",
                      },
                      "name": "w:lvlJc",
                      "type": "element",
                    },
                    {
                      "elements": [
                        {
                          "attributes": {
                            "w:hanging": "360",
                            "w:start": "360",
                          },
                          "name": "w:ind",
                          "type": "element",
                        },
                      ],
                      "name": "w:pPr",
                      "type": "element",
                    },
                    {
                      "elements": [
                        {
                          "attributes": {
                            "w:ascii": "Arial Black",
                            "w:hAnsi": "Arial Black",
                          },
                          "name": "w:rFonts",
                          "type": "element",
                        },
                        {
                          "attributes": {
                            "w:val": "C00000",
                          },
                          "name": "w:color",
                          "type": "element",
                        },
                        {
                          "attributes": {
                            "w:val": "28",
                          },
                          "name": "w:sz",
                          "type": "element",
                        },
                      ],
                      "name": "w:rPr",
                      "type": "element",
                    },
                  ],
                  "name": "w:lvl",
                  "type": "element",
                },
              ],
              "name": "w:abstractNum",
              "type": "element",
            },
            {
              "attributes": {
                "w:numId": "10003",
              },
              "elements": [
                {
                  "attributes": {
                    "w:val": "10002",
                  },
                  "name": "w:abstractNumId",
                  "type": "element",
                },
              ],
              "name": "w:num",
              "type": "element",
            },
          ],
        },
      ],
    ],
  },
}
`;
