// Jest Snapshot v1, https://goo.gl/fbAQLP

exports[`renders <Layout> unchanged 1`] = `
<div>
  <header
    class="header"
  >
    <div
      class="title"
    >
      Oak
    </div>
    <input
      class="search-input"
      placeholder="Search"
      type="text"
    />
    <a
      href="/sign-in"
    >
      Sign in
    </a>
  </header>
  <main
    class="main"
  />
  <footer
    class="footer"
  >
    Â© Oak National Academy 
    2022
  </footer>
</div>
`;
