// Jest Snapshot v1, https://goo.gl/fbAQLP

exports[`renders <ErrorBoundary> unchanged 1`] = `
<div>
  Contents
</div>
`;
